completed -> disputed
completed -> partially_refunded
completed -> refunded
disputed -> cancelled
disputed -> completed
disputed -> refunded
partially_refunded -> disputed
partially_refunded -> refunded
pending -> cancelled
pending -> failed
pending -> processing
processing -> cancelled
processing -> completed
processing -> failed
processing -> requires_action
requires_action -> cancelled
requires_action -> completed
requires_action -> failed
requires_action -> processing
